{"level":"debug","message":"Scanning directory /Users/xnerhu/projects/vidoc/gh-integration-test, rootDir: /Users/xnerhu/projects/vidoc/gh-integration-test","timestamp":"2026-02-06T09:22:05.094Z"}
{"level":"debug","message":"Making POST request to /v1/codebase","timestamp":"2026-02-06T09:22:05.098Z"}
{"level":"debug","message":"Codebase created: 019c3242-3ad1-735a-9b4c-715950eb89ab, branch: ft-5, name: gh-integration-test","timestamp":"2026-02-06T09:22:07.195Z"}
{"level":"debug","message":"Making POST request to /v1/codebase/019c3242-3ad1-735a-9b4c-715950eb89ab/sync","timestamp":"2026-02-06T09:22:07.441Z"}
{"level":"debug","message":"syncCodebaseResponse: [\n  \"package.json\",\n  \"main.php\",\n  \"main.ts\"\n]","timestamp":"2026-02-06T09:22:07.960Z"}
{"level":"debug","message":"filesToPreprocess: {\n  \"forceReindex\": false,\n  \"filesToPreprocess\": [\n    {\n      \"path\": \"package.json\",\n      \"version\": \"b6386798a052517b100a248694d2d83bd64f19d8ec2109abde6d2f1d0b58745d\",\n      \"language\": \"json\"\n    },\n    {\n      \"path\": \"main.php\",\n      \"version\": \"7dad0c5fdb8e46c475adce540b4e06a265e1ef2b38685fdb85eb1f2eb9661827\",\n      \"language\": \"hack\"\n    },\n    {\n      \"path\": \"main.ts\",\n      \"version\": \"1033628d48d128799099d6d333e2b2879cf3bd8d8cc2d6b2f4477dd5434ec556\",\n      \"language\": \"typescript\"\n    }\n  ]\n}","timestamp":"2026-02-06T09:22:07.960Z"}
{"level":"debug","message":"Making GET request to /indexing-config","timestamp":"2026-02-06T09:22:07.977Z"}
{"level":"debug","message":"Making GET request to /indexing-config","timestamp":"2026-02-06T09:22:07.989Z"}
{"level":"debug","message":"Making GET request to /indexing-config","timestamp":"2026-02-06T09:22:07.990Z"}
{"followRedirects":true,"level":"debug","message":"Making POST request to /index-file","timestamp":"2026-02-06T09:22:08.910Z"}
{"followRedirects":true,"level":"debug","message":"Making POST request to /index-file","timestamp":"2026-02-06T09:22:08.921Z"}
{"followRedirects":true,"level":"debug","message":"Making POST request to /index-file","timestamp":"2026-02-06T09:22:09.205Z"}
{"level":"debug","message":"Preprocessing took 8.59s","timestamp":"2026-02-06T09:22:16.547Z"}
{"level":"debug","message":"Making POST request to /v1/codebase/019c3242-3ad1-735a-9b4c-715950eb89ab/sync","timestamp":"2026-02-06T09:22:16.547Z"}
{"level":"debug","message":"filesToReindex2: 0, files: 3","timestamp":"2026-02-06T09:22:17.851Z"}
{"level":"debug","message":"syncCodebaseResponse2: []","timestamp":"2026-02-06T09:22:17.851Z"}
{"level":"debug","message":"Making GET request to /v1/codebase/019c3242-3ad1-735a-9b4c-715950eb89ab/files?branchName=ft-5","timestamp":"2026-02-06T09:22:17.852Z"}
{"level":"debug","message":"Making GET request to /v1/codebase/019c3242-3ad1-735a-9b4c-715950eb89ab/files?branchName=ft-5","timestamp":"2026-02-06T09:22:18.824Z"}
{"level":"debug","message":"Making POST request to /v1/scan-workflows/start","timestamp":"2026-02-06T09:22:21.773Z"}
{"abortSignal":{},"level":"debug","message":"Making GET request to /v1/scan-workflows/019c3242-7cb2-757d-9ac3-922164e2e749/status","timestamp":"2026-02-06T09:22:24.474Z"}
{"abortSignal":{},"level":"debug","message":"Making GET request to /v1/codebase/019c3242-3ad1-735a-9b4c-715950eb89ab/files?branchName=ft-5","timestamp":"2026-02-06T09:22:24.531Z"}
{"abortSignal":{},"level":"debug","message":"Making GET request to /v1/codebase/019c3242-3ad1-735a-9b4c-715950eb89ab/issues?branchName=ft-5","timestamp":"2026-02-06T09:22:24.531Z"}
{"abortSignal":{},"level":"debug","message":"Making GET request to /v1/scan-workflows/019c3242-7cb2-757d-9ac3-922164e2e749/status","timestamp":"2026-02-06T09:22:29.496Z"}
{"abortSignal":{},"level":"debug","message":"Making GET request to /v1/codebase/019c3242-3ad1-735a-9b4c-715950eb89ab/files?branchName=ft-5","timestamp":"2026-02-06T09:22:30.547Z"}
{"abortSignal":{},"level":"debug","message":"Making GET request to /v1/codebase/019c3242-3ad1-735a-9b4c-715950eb89ab/issues?branchName=ft-5","timestamp":"2026-02-06T09:22:30.549Z"}
{"abortSignal":{},"level":"debug","message":"Making GET request to /v1/scan-workflows/019c3242-7cb2-757d-9ac3-922164e2e749/status","timestamp":"2026-02-06T09:22:35.408Z"}
{"abortSignal":{},"level":"debug","message":"Making GET request to /v1/codebase/019c3242-3ad1-735a-9b4c-715950eb89ab/files?branchName=ft-5","timestamp":"2026-02-06T09:22:35.678Z"}
{"abortSignal":{},"level":"debug","message":"Making GET request to /v1/codebase/019c3242-3ad1-735a-9b4c-715950eb89ab/issues?branchName=ft-5","timestamp":"2026-02-06T09:22:35.679Z"}
{"abortSignal":{},"level":"debug","message":"Making GET request to /v1/scan-workflows/019c3242-7cb2-757d-9ac3-922164e2e749/status","timestamp":"2026-02-06T09:22:41.070Z"}
{"abortSignal":{},"level":"debug","message":"Making GET request to /v1/codebase/019c3242-3ad1-735a-9b4c-715950eb89ab/files?branchName=ft-5","timestamp":"2026-02-06T09:22:42.893Z"}
{"abortSignal":{},"level":"debug","message":"Making GET request to /v1/codebase/019c3242-3ad1-735a-9b4c-715950eb89ab/issues?branchName=ft-5","timestamp":"2026-02-06T09:22:42.895Z"}
{"abortSignal":{},"level":"debug","message":"Making GET request to /v1/scan-workflows/019c3242-7cb2-757d-9ac3-922164e2e749/status","timestamp":"2026-02-06T09:22:48.023Z"}
{"abortSignal":{},"level":"debug","message":"Making GET request to /v1/codebase/019c3242-3ad1-735a-9b4c-715950eb89ab/files?branchName=ft-5","timestamp":"2026-02-06T09:22:48.168Z"}
{"abortSignal":{},"level":"debug","message":"Making GET request to /v1/codebase/019c3242-3ad1-735a-9b4c-715950eb89ab/issues?branchName=ft-5","timestamp":"2026-02-06T09:22:48.169Z"}
{"abortSignal":{},"level":"debug","message":"Making GET request to /v1/scan-workflows/019c3242-7cb2-757d-9ac3-922164e2e749/status","timestamp":"2026-02-06T09:22:53.739Z"}
{"abortSignal":{},"level":"debug","message":"Making GET request to /v1/codebase/019c3242-3ad1-735a-9b4c-715950eb89ab/files?branchName=ft-5","timestamp":"2026-02-06T09:22:54.243Z"}
{"abortSignal":{},"level":"debug","message":"Making GET request to /v1/codebase/019c3242-3ad1-735a-9b4c-715950eb89ab/issues?branchName=ft-5","timestamp":"2026-02-06T09:22:54.245Z"}
{"abortSignal":{},"level":"debug","message":"Making GET request to /v1/scan-workflows/019c3242-7cb2-757d-9ac3-922164e2e749/status","timestamp":"2026-02-06T09:22:58.065Z"}
{"abortSignal":{},"level":"debug","message":"Making GET request to /v1/codebase/019c3242-3ad1-735a-9b4c-715950eb89ab/files?branchName=ft-5","timestamp":"2026-02-06T09:23:00.690Z"}
{"abortSignal":{},"level":"debug","message":"Making GET request to /v1/codebase/019c3242-3ad1-735a-9b4c-715950eb89ab/issues?branchName=ft-5","timestamp":"2026-02-06T09:23:00.691Z"}
{"abortSignal":{},"level":"debug","message":"Making GET request to /v1/scan-workflows/019c3242-7cb2-757d-9ac3-922164e2e749/status","timestamp":"2026-02-06T09:23:04.975Z"}
{"abortSignal":{},"level":"debug","message":"Making GET request to /v1/codebase/019c3242-3ad1-735a-9b4c-715950eb89ab/files?branchName=ft-5","timestamp":"2026-02-06T09:23:05.560Z"}
{"abortSignal":{},"level":"debug","message":"Making GET request to /v1/codebase/019c3242-3ad1-735a-9b4c-715950eb89ab/issues?branchName=ft-5","timestamp":"2026-02-06T09:23:05.564Z"}
{"abortSignal":{},"level":"debug","message":"Making GET request to /v1/scan-workflows/019c3242-7cb2-757d-9ac3-922164e2e749/status","timestamp":"2026-02-06T09:23:10.659Z"}
{"abortSignal":{},"level":"debug","message":"Making GET request to /v1/codebase/019c3242-3ad1-735a-9b4c-715950eb89ab/files?branchName=ft-5","timestamp":"2026-02-06T09:23:13.291Z"}
{"abortSignal":{},"level":"debug","message":"Making GET request to /v1/codebase/019c3242-3ad1-735a-9b4c-715950eb89ab/issues?branchName=ft-5","timestamp":"2026-02-06T09:23:13.293Z"}
{"abortSignal":{},"level":"debug","message":"Making GET request to /v1/scan-workflows/019c3242-7cb2-757d-9ac3-922164e2e749/status","timestamp":"2026-02-06T09:23:17.510Z"}
{"abortSignal":{},"level":"debug","message":"Making GET request to /v1/codebase/019c3242-3ad1-735a-9b4c-715950eb89ab/files?branchName=ft-5","timestamp":"2026-02-06T09:23:17.659Z"}
{"abortSignal":{},"level":"debug","message":"Making GET request to /v1/codebase/019c3242-3ad1-735a-9b4c-715950eb89ab/issues?branchName=ft-5","timestamp":"2026-02-06T09:23:17.664Z"}
{"abortSignal":{},"level":"debug","message":"Making GET request to /v1/scan-workflows/019c3242-7cb2-757d-9ac3-922164e2e749/status","timestamp":"2026-02-06T09:23:20.815Z"}
{"abortSignal":{},"level":"debug","message":"Making GET request to /v1/codebase/019c3242-3ad1-735a-9b4c-715950eb89ab/files?branchName=ft-5","timestamp":"2026-02-06T09:23:20.871Z"}
{"abortSignal":{},"level":"debug","message":"Making GET request to /v1/codebase/019c3242-3ad1-735a-9b4c-715950eb89ab/issues?branchName=ft-5","timestamp":"2026-02-06T09:23:20.871Z"}
{"abortSignal":{},"level":"debug","message":"Making GET request to /v1/scan-workflows/019c3242-7cb2-757d-9ac3-922164e2e749/status","timestamp":"2026-02-06T09:23:23.939Z"}
{"abortSignal":{},"level":"debug","message":"Making GET request to /v1/codebase/019c3242-3ad1-735a-9b4c-715950eb89ab/files?branchName=ft-5","timestamp":"2026-02-06T09:23:23.994Z"}
{"abortSignal":{},"level":"debug","message":"Making GET request to /v1/codebase/019c3242-3ad1-735a-9b4c-715950eb89ab/issues?branchName=ft-5","timestamp":"2026-02-06T09:23:23.995Z"}
{"abortSignal":{},"level":"debug","message":"Making GET request to /v1/scan-workflows/019c3242-7cb2-757d-9ac3-922164e2e749/status","timestamp":"2026-02-06T09:23:27.068Z"}
{"abortSignal":{},"level":"debug","message":"Making GET request to /v1/codebase/019c3242-3ad1-735a-9b4c-715950eb89ab/files?branchName=ft-5","timestamp":"2026-02-06T09:23:27.129Z"}
{"abortSignal":{},"level":"debug","message":"Making GET request to /v1/codebase/019c3242-3ad1-735a-9b4c-715950eb89ab/issues?branchName=ft-5","timestamp":"2026-02-06T09:23:27.130Z"}
{"abortSignal":{},"level":"debug","message":"Making GET request to /v1/scan-workflows/019c3242-7cb2-757d-9ac3-922164e2e749/status","timestamp":"2026-02-06T09:23:30.197Z"}
{"abortSignal":{},"level":"debug","message":"Making GET request to /v1/codebase/019c3242-3ad1-735a-9b4c-715950eb89ab/files?branchName=ft-5","timestamp":"2026-02-06T09:23:30.258Z"}
{"abortSignal":{},"level":"debug","message":"Making GET request to /v1/codebase/019c3242-3ad1-735a-9b4c-715950eb89ab/issues?branchName=ft-5","timestamp":"2026-02-06T09:23:30.260Z"}
{"abortSignal":{},"level":"debug","message":"Making GET request to /v1/scan-workflows/019c3242-7cb2-757d-9ac3-922164e2e749/status","timestamp":"2026-02-06T09:23:33.329Z"}
{"abortSignal":{},"level":"debug","message":"Making GET request to /v1/codebase/019c3242-3ad1-735a-9b4c-715950eb89ab/files?branchName=ft-5","timestamp":"2026-02-06T09:23:33.388Z"}
{"abortSignal":{},"level":"debug","message":"Making GET request to /v1/codebase/019c3242-3ad1-735a-9b4c-715950eb89ab/issues?branchName=ft-5","timestamp":"2026-02-06T09:23:33.389Z"}
{"abortSignal":{},"level":"debug","message":"Making GET request to /v1/scan-workflows/019c3242-7cb2-757d-9ac3-922164e2e749/status","timestamp":"2026-02-06T09:23:36.457Z"}
{"abortSignal":{},"level":"debug","message":"Making GET request to /v1/codebase/019c3242-3ad1-735a-9b4c-715950eb89ab/files?branchName=ft-5","timestamp":"2026-02-06T09:23:36.517Z"}
{"abortSignal":{},"level":"debug","message":"Making GET request to /v1/codebase/019c3242-3ad1-735a-9b4c-715950eb89ab/issues?branchName=ft-5","timestamp":"2026-02-06T09:23:36.518Z"}
{"abortSignal":{},"level":"debug","message":"Making GET request to /v1/scan-workflows/019c3242-7cb2-757d-9ac3-922164e2e749/status","timestamp":"2026-02-06T09:23:39.588Z"}
{"abortSignal":{},"level":"debug","message":"Making GET request to /v1/codebase/019c3242-3ad1-735a-9b4c-715950eb89ab/files?branchName=ft-5","timestamp":"2026-02-06T09:23:39.651Z"}
{"abortSignal":{},"level":"debug","message":"Making GET request to /v1/codebase/019c3242-3ad1-735a-9b4c-715950eb89ab/issues?branchName=ft-5","timestamp":"2026-02-06T09:23:39.652Z"}
{"abortSignal":{},"level":"debug","message":"Making GET request to /v1/scan-workflows/019c3242-7cb2-757d-9ac3-922164e2e749/status","timestamp":"2026-02-06T09:23:42.718Z"}
{"abortSignal":{},"level":"debug","message":"Making GET request to /v1/codebase/019c3242-3ad1-735a-9b4c-715950eb89ab/files?branchName=ft-5","timestamp":"2026-02-06T09:23:42.769Z"}
{"abortSignal":{},"level":"debug","message":"Making GET request to /v1/codebase/019c3242-3ad1-735a-9b4c-715950eb89ab/issues?branchName=ft-5","timestamp":"2026-02-06T09:23:42.769Z"}
{"abortSignal":{},"level":"debug","message":"Making GET request to /v1/scan-workflows/019c3242-7cb2-757d-9ac3-922164e2e749/status","timestamp":"2026-02-06T09:23:45.835Z"}
{"abortSignal":{},"level":"debug","message":"Making GET request to /v1/codebase/019c3242-3ad1-735a-9b4c-715950eb89ab/files?branchName=ft-5","timestamp":"2026-02-06T09:23:45.895Z"}
{"abortSignal":{},"level":"debug","message":"Making GET request to /v1/codebase/019c3242-3ad1-735a-9b4c-715950eb89ab/issues?branchName=ft-5","timestamp":"2026-02-06T09:23:45.895Z"}
{"abortSignal":{},"level":"debug","message":"Making GET request to /v1/scan-workflows/019c3242-7cb2-757d-9ac3-922164e2e749/status","timestamp":"2026-02-06T09:23:48.962Z"}
{"abortSignal":{},"level":"debug","message":"Making GET request to /v1/codebase/019c3242-3ad1-735a-9b4c-715950eb89ab/files?branchName=ft-5","timestamp":"2026-02-06T09:23:49.020Z"}
{"abortSignal":{},"level":"debug","message":"Making GET request to /v1/codebase/019c3242-3ad1-735a-9b4c-715950eb89ab/issues?branchName=ft-5","timestamp":"2026-02-06T09:23:49.021Z"}
{"abortSignal":{},"level":"debug","message":"Making GET request to /v1/scan-workflows/019c3242-7cb2-757d-9ac3-922164e2e749/status","timestamp":"2026-02-06T09:23:52.087Z"}
{"abortSignal":{},"level":"debug","message":"Making GET request to /v1/codebase/019c3242-3ad1-735a-9b4c-715950eb89ab/files?branchName=ft-5","timestamp":"2026-02-06T09:23:52.140Z"}
{"abortSignal":{},"level":"debug","message":"Making GET request to /v1/codebase/019c3242-3ad1-735a-9b4c-715950eb89ab/issues?branchName=ft-5","timestamp":"2026-02-06T09:23:52.141Z"}
{"abortSignal":{},"level":"debug","message":"Making GET request to /v1/scan-workflows/019c3242-7cb2-757d-9ac3-922164e2e749/status","timestamp":"2026-02-06T09:23:55.203Z"}
{"abortSignal":{},"level":"debug","message":"Making GET request to /v1/codebase/019c3242-3ad1-735a-9b4c-715950eb89ab/files?branchName=ft-5","timestamp":"2026-02-06T09:23:55.266Z"}
{"abortSignal":{},"level":"debug","message":"Making GET request to /v1/codebase/019c3242-3ad1-735a-9b4c-715950eb89ab/issues?branchName=ft-5","timestamp":"2026-02-06T09:23:55.266Z"}
{"abortSignal":{},"level":"debug","message":"Making GET request to /v1/scan-workflows/019c3242-7cb2-757d-9ac3-922164e2e749/status","timestamp":"2026-02-06T09:23:58.332Z"}
{"abortSignal":{},"level":"debug","message":"Making GET request to /v1/codebase/019c3242-3ad1-735a-9b4c-715950eb89ab/files?branchName=ft-5","timestamp":"2026-02-06T09:23:58.392Z"}
{"abortSignal":{},"level":"debug","message":"Making GET request to /v1/codebase/019c3242-3ad1-735a-9b4c-715950eb89ab/issues?branchName=ft-5","timestamp":"2026-02-06T09:23:58.394Z"}
{"abortSignal":{},"level":"debug","message":"Making GET request to /v1/scan-workflows/019c3242-7cb2-757d-9ac3-922164e2e749/status","timestamp":"2026-02-06T09:24:01.457Z"}
{"abortSignal":{},"level":"debug","message":"Making GET request to /v1/codebase/019c3242-3ad1-735a-9b4c-715950eb89ab/files?branchName=ft-5","timestamp":"2026-02-06T09:24:01.509Z"}
{"abortSignal":{},"level":"debug","message":"Making GET request to /v1/codebase/019c3242-3ad1-735a-9b4c-715950eb89ab/issues?branchName=ft-5","timestamp":"2026-02-06T09:24:01.511Z"}
{"abortSignal":{},"level":"debug","message":"Making GET request to /v1/scan-workflows/019c3242-7cb2-757d-9ac3-922164e2e749/status","timestamp":"2026-02-06T09:24:04.579Z"}
{"abortSignal":{},"level":"debug","message":"Making GET request to /v1/codebase/019c3242-3ad1-735a-9b4c-715950eb89ab/files?branchName=ft-5","timestamp":"2026-02-06T09:24:04.636Z"}
{"abortSignal":{},"level":"debug","message":"Making GET request to /v1/codebase/019c3242-3ad1-735a-9b4c-715950eb89ab/issues?branchName=ft-5","timestamp":"2026-02-06T09:24:04.637Z"}
{"abortSignal":{},"level":"debug","message":"Making GET request to /v1/scan-workflows/019c3242-7cb2-757d-9ac3-922164e2e749/status","timestamp":"2026-02-06T09:24:07.705Z"}
{"abortSignal":{},"level":"debug","message":"Making GET request to /v1/codebase/019c3242-3ad1-735a-9b4c-715950eb89ab/files?branchName=ft-5","timestamp":"2026-02-06T09:24:07.764Z"}
{"abortSignal":{},"level":"debug","message":"Making GET request to /v1/codebase/019c3242-3ad1-735a-9b4c-715950eb89ab/issues?branchName=ft-5","timestamp":"2026-02-06T09:24:07.765Z"}
{"abortSignal":{},"level":"debug","message":"Making GET request to /v1/scan-workflows/019c3242-7cb2-757d-9ac3-922164e2e749/status","timestamp":"2026-02-06T09:24:10.830Z"}
{"abortSignal":{},"level":"debug","message":"Making GET request to /v1/codebase/019c3242-3ad1-735a-9b4c-715950eb89ab/files?branchName=ft-5","timestamp":"2026-02-06T09:24:10.885Z"}
{"abortSignal":{},"level":"debug","message":"Making GET request to /v1/codebase/019c3242-3ad1-735a-9b4c-715950eb89ab/issues?branchName=ft-5","timestamp":"2026-02-06T09:24:10.886Z"}
{"abortSignal":{},"level":"debug","message":"Making GET request to /v1/scan-workflows/019c3242-7cb2-757d-9ac3-922164e2e749/status","timestamp":"2026-02-06T09:24:13.949Z"}
{"abortSignal":{},"level":"debug","message":"Making GET request to /v1/codebase/019c3242-3ad1-735a-9b4c-715950eb89ab/files?branchName=ft-5","timestamp":"2026-02-06T09:24:14.002Z"}
{"abortSignal":{},"level":"debug","message":"Making GET request to /v1/codebase/019c3242-3ad1-735a-9b4c-715950eb89ab/issues?branchName=ft-5","timestamp":"2026-02-06T09:24:14.003Z"}
{"abortSignal":{},"level":"debug","message":"Making GET request to /v1/scan-workflows/019c3242-7cb2-757d-9ac3-922164e2e749/status","timestamp":"2026-02-06T09:24:17.071Z"}
{"abortSignal":{},"level":"debug","message":"Making GET request to /v1/codebase/019c3242-3ad1-735a-9b4c-715950eb89ab/files?branchName=ft-5","timestamp":"2026-02-06T09:24:17.130Z"}
{"abortSignal":{},"level":"debug","message":"Making GET request to /v1/codebase/019c3242-3ad1-735a-9b4c-715950eb89ab/issues?branchName=ft-5","timestamp":"2026-02-06T09:24:17.131Z"}
{"abortSignal":{},"level":"debug","message":"Making GET request to /v1/scan-workflows/019c3242-7cb2-757d-9ac3-922164e2e749/status","timestamp":"2026-02-06T09:24:20.198Z"}
{"abortSignal":{},"level":"debug","message":"Making GET request to /v1/codebase/019c3242-3ad1-735a-9b4c-715950eb89ab/files?branchName=ft-5","timestamp":"2026-02-06T09:24:20.259Z"}
{"abortSignal":{},"level":"debug","message":"Making GET request to /v1/codebase/019c3242-3ad1-735a-9b4c-715950eb89ab/issues?branchName=ft-5","timestamp":"2026-02-06T09:24:20.260Z"}
{"abortSignal":{},"level":"debug","message":"Making GET request to /v1/scan-workflows/019c3242-7cb2-757d-9ac3-922164e2e749/status","timestamp":"2026-02-06T09:24:23.330Z"}
{"abortSignal":{},"level":"debug","message":"Making GET request to /v1/codebase/019c3242-3ad1-735a-9b4c-715950eb89ab/files?branchName=ft-5","timestamp":"2026-02-06T09:24:23.392Z"}
{"abortSignal":{},"level":"debug","message":"Making GET request to /v1/codebase/019c3242-3ad1-735a-9b4c-715950eb89ab/issues?branchName=ft-5","timestamp":"2026-02-06T09:24:23.393Z"}
{"abortSignal":{},"level":"debug","message":"Making GET request to /v1/scan-workflows/019c3242-7cb2-757d-9ac3-922164e2e749/status","timestamp":"2026-02-06T09:24:26.458Z"}
{"abortSignal":{},"level":"debug","message":"Making GET request to /v1/codebase/019c3242-3ad1-735a-9b4c-715950eb89ab/files?branchName=ft-5","timestamp":"2026-02-06T09:24:26.510Z"}
{"abortSignal":{},"level":"debug","message":"Making GET request to /v1/codebase/019c3242-3ad1-735a-9b4c-715950eb89ab/issues?branchName=ft-5","timestamp":"2026-02-06T09:24:26.511Z"}
{"abortSignal":{},"level":"debug","message":"Making GET request to /v1/scan-workflows/019c3242-7cb2-757d-9ac3-922164e2e749/status","timestamp":"2026-02-06T09:24:29.575Z"}
{"abortSignal":{},"level":"debug","message":"Making GET request to /v1/codebase/019c3242-3ad1-735a-9b4c-715950eb89ab/files?branchName=ft-5","timestamp":"2026-02-06T09:24:29.637Z"}
{"abortSignal":{},"level":"debug","message":"Making GET request to /v1/codebase/019c3242-3ad1-735a-9b4c-715950eb89ab/issues?branchName=ft-5","timestamp":"2026-02-06T09:24:29.637Z"}
{"abortSignal":{},"level":"debug","message":"Making GET request to /v1/scan-workflows/019c3242-7cb2-757d-9ac3-922164e2e749/status","timestamp":"2026-02-06T09:24:32.703Z"}
{"abortSignal":{},"level":"debug","message":"Making GET request to /v1/codebase/019c3242-3ad1-735a-9b4c-715950eb89ab/files?branchName=ft-5","timestamp":"2026-02-06T09:24:32.761Z"}
{"abortSignal":{},"level":"debug","message":"Making GET request to /v1/codebase/019c3242-3ad1-735a-9b4c-715950eb89ab/issues?branchName=ft-5","timestamp":"2026-02-06T09:24:32.761Z"}
{"abortSignal":{},"level":"debug","message":"Making GET request to /v1/scan-workflows/019c3242-7cb2-757d-9ac3-922164e2e749/status","timestamp":"2026-02-06T09:24:35.828Z"}
{"abortSignal":{},"level":"debug","message":"Making GET request to /v1/codebase/019c3242-3ad1-735a-9b4c-715950eb89ab/files?branchName=ft-5","timestamp":"2026-02-06T09:24:35.884Z"}
{"abortSignal":{},"level":"debug","message":"Making GET request to /v1/codebase/019c3242-3ad1-735a-9b4c-715950eb89ab/issues?branchName=ft-5","timestamp":"2026-02-06T09:24:35.884Z"}
{"abortSignal":{},"level":"debug","message":"Making GET request to /v1/scan-workflows/019c3242-7cb2-757d-9ac3-922164e2e749/status","timestamp":"2026-02-06T09:24:38.949Z"}
{"abortSignal":{},"level":"debug","message":"Making GET request to /v1/codebase/019c3242-3ad1-735a-9b4c-715950eb89ab/files?branchName=ft-5","timestamp":"2026-02-06T09:24:39.007Z"}
{"abortSignal":{},"level":"debug","message":"Making GET request to /v1/codebase/019c3242-3ad1-735a-9b4c-715950eb89ab/issues?branchName=ft-5","timestamp":"2026-02-06T09:24:39.007Z"}
{"abortSignal":{},"level":"debug","message":"Making GET request to /v1/scan-workflows/019c3242-7cb2-757d-9ac3-922164e2e749/status","timestamp":"2026-02-06T09:24:42.076Z"}
{"abortSignal":{},"level":"debug","message":"Making GET request to /v1/codebase/019c3242-3ad1-735a-9b4c-715950eb89ab/files?branchName=ft-5","timestamp":"2026-02-06T09:24:42.134Z"}
{"abortSignal":{},"level":"debug","message":"Making GET request to /v1/codebase/019c3242-3ad1-735a-9b4c-715950eb89ab/issues?branchName=ft-5","timestamp":"2026-02-06T09:24:42.134Z"}
{"abortSignal":{},"level":"debug","message":"Making GET request to /v1/scan-workflows/019c3242-7cb2-757d-9ac3-922164e2e749/status","timestamp":"2026-02-06T09:24:45.203Z"}
{"abortSignal":{},"level":"debug","message":"Making GET request to /v1/codebase/019c3242-3ad1-735a-9b4c-715950eb89ab/files?branchName=ft-5","timestamp":"2026-02-06T09:24:45.268Z"}
{"abortSignal":{},"level":"debug","message":"Making GET request to /v1/codebase/019c3242-3ad1-735a-9b4c-715950eb89ab/issues?branchName=ft-5","timestamp":"2026-02-06T09:24:45.269Z"}
{"abortSignal":{},"level":"debug","message":"Making GET request to /v1/scan-workflows/019c3242-7cb2-757d-9ac3-922164e2e749/status","timestamp":"2026-02-06T09:24:48.338Z"}
{"abortSignal":{},"level":"debug","message":"Making GET request to /v1/codebase/019c3242-3ad1-735a-9b4c-715950eb89ab/files?branchName=ft-5","timestamp":"2026-02-06T09:24:48.409Z"}
{"abortSignal":{},"level":"debug","message":"Making GET request to /v1/codebase/019c3242-3ad1-735a-9b4c-715950eb89ab/issues?branchName=ft-5","timestamp":"2026-02-06T09:24:48.409Z"}
{"abortSignal":{},"level":"debug","message":"Making GET request to /v1/scan-workflows/019c3242-7cb2-757d-9ac3-922164e2e749/status","timestamp":"2026-02-06T09:24:51.486Z"}
{"abortSignal":{},"level":"debug","message":"Making GET request to /v1/codebase/019c3242-3ad1-735a-9b4c-715950eb89ab/files?branchName=ft-5","timestamp":"2026-02-06T09:24:51.545Z"}
{"abortSignal":{},"level":"debug","message":"Making GET request to /v1/codebase/019c3242-3ad1-735a-9b4c-715950eb89ab/issues?branchName=ft-5","timestamp":"2026-02-06T09:24:51.546Z"}
{"abortSignal":{},"level":"debug","message":"Making GET request to /v1/scan-workflows/019c3242-7cb2-757d-9ac3-922164e2e749/status","timestamp":"2026-02-06T09:24:54.617Z"}
{"abortSignal":{},"level":"debug","message":"Making GET request to /v1/codebase/019c3242-3ad1-735a-9b4c-715950eb89ab/files?branchName=ft-5","timestamp":"2026-02-06T09:24:54.675Z"}
{"abortSignal":{},"level":"debug","message":"Making GET request to /v1/codebase/019c3242-3ad1-735a-9b4c-715950eb89ab/issues?branchName=ft-5","timestamp":"2026-02-06T09:24:54.675Z"}
{"abortSignal":{},"level":"debug","message":"Making GET request to /v1/scan-workflows/019c3242-7cb2-757d-9ac3-922164e2e749/status","timestamp":"2026-02-06T09:24:57.741Z"}
{"abortSignal":{},"level":"debug","message":"Making GET request to /v1/codebase/019c3242-3ad1-735a-9b4c-715950eb89ab/files?branchName=ft-5","timestamp":"2026-02-06T09:24:57.800Z"}
{"abortSignal":{},"level":"debug","message":"Making GET request to /v1/codebase/019c3242-3ad1-735a-9b4c-715950eb89ab/issues?branchName=ft-5","timestamp":"2026-02-06T09:24:57.800Z"}
{"abortSignal":{},"level":"debug","message":"Making GET request to /v1/scan-workflows/019c3242-7cb2-757d-9ac3-922164e2e749/status","timestamp":"2026-02-06T09:25:00.867Z"}
{"abortSignal":{},"level":"debug","message":"Making GET request to /v1/codebase/019c3242-3ad1-735a-9b4c-715950eb89ab/files?branchName=ft-5","timestamp":"2026-02-06T09:25:00.928Z"}
{"abortSignal":{},"level":"debug","message":"Making GET request to /v1/codebase/019c3242-3ad1-735a-9b4c-715950eb89ab/issues?branchName=ft-5","timestamp":"2026-02-06T09:25:00.928Z"}
{"abortSignal":{},"level":"debug","message":"Making GET request to /v1/scan-workflows/019c3242-7cb2-757d-9ac3-922164e2e749/status","timestamp":"2026-02-06T09:25:04.000Z"}
{"abortSignal":{},"level":"debug","message":"Making GET request to /v1/codebase/019c3242-3ad1-735a-9b4c-715950eb89ab/files?branchName=ft-5","timestamp":"2026-02-06T09:25:04.060Z"}
{"abortSignal":{},"level":"debug","message":"Making GET request to /v1/codebase/019c3242-3ad1-735a-9b4c-715950eb89ab/issues?branchName=ft-5","timestamp":"2026-02-06T09:25:04.060Z"}
{"abortSignal":{},"level":"debug","message":"Making GET request to /v1/scan-workflows/019c3242-7cb2-757d-9ac3-922164e2e749/status","timestamp":"2026-02-06T09:25:07.128Z"}
{"abortSignal":{},"level":"debug","message":"Making GET request to /v1/codebase/019c3242-3ad1-735a-9b4c-715950eb89ab/files?branchName=ft-5","timestamp":"2026-02-06T09:25:07.194Z"}
{"abortSignal":{},"level":"debug","message":"Making GET request to /v1/codebase/019c3242-3ad1-735a-9b4c-715950eb89ab/issues?branchName=ft-5","timestamp":"2026-02-06T09:25:07.194Z"}
{"abortSignal":{},"level":"debug","message":"Making GET request to /v1/scan-workflows/019c3242-7cb2-757d-9ac3-922164e2e749/status","timestamp":"2026-02-06T09:25:10.264Z"}
{"abortSignal":{},"level":"debug","message":"Making GET request to /v1/codebase/019c3242-3ad1-735a-9b4c-715950eb89ab/files?branchName=ft-5","timestamp":"2026-02-06T09:25:10.322Z"}
{"abortSignal":{},"level":"debug","message":"Making GET request to /v1/codebase/019c3242-3ad1-735a-9b4c-715950eb89ab/issues?branchName=ft-5","timestamp":"2026-02-06T09:25:10.322Z"}
{"abortSignal":{},"level":"debug","message":"Making GET request to /v1/scan-workflows/019c3242-7cb2-757d-9ac3-922164e2e749/status","timestamp":"2026-02-06T09:25:13.391Z"}
{"abortSignal":{},"level":"debug","message":"Making GET request to /v1/codebase/019c3242-3ad1-735a-9b4c-715950eb89ab/files?branchName=ft-5","timestamp":"2026-02-06T09:25:13.450Z"}
{"abortSignal":{},"level":"debug","message":"Making GET request to /v1/codebase/019c3242-3ad1-735a-9b4c-715950eb89ab/issues?branchName=ft-5","timestamp":"2026-02-06T09:25:13.451Z"}
{"abortSignal":{},"level":"debug","message":"Making GET request to /v1/scan-workflows/019c3242-7cb2-757d-9ac3-922164e2e749/status","timestamp":"2026-02-06T09:25:16.520Z"}
{"abortSignal":{},"level":"debug","message":"Making GET request to /v1/codebase/019c3242-3ad1-735a-9b4c-715950eb89ab/files?branchName=ft-5","timestamp":"2026-02-06T09:25:16.582Z"}
{"abortSignal":{},"level":"debug","message":"Making GET request to /v1/codebase/019c3242-3ad1-735a-9b4c-715950eb89ab/issues?branchName=ft-5","timestamp":"2026-02-06T09:25:16.583Z"}
{"abortSignal":{},"level":"debug","message":"Making GET request to /v1/scan-workflows/019c3242-7cb2-757d-9ac3-922164e2e749/status","timestamp":"2026-02-06T09:25:19.655Z"}
{"abortSignal":{},"level":"debug","message":"Making GET request to /v1/codebase/019c3242-3ad1-735a-9b4c-715950eb89ab/files?branchName=ft-5","timestamp":"2026-02-06T09:25:19.719Z"}
{"abortSignal":{},"level":"debug","message":"Making GET request to /v1/codebase/019c3242-3ad1-735a-9b4c-715950eb89ab/issues?branchName=ft-5","timestamp":"2026-02-06T09:25:19.719Z"}
{"abortSignal":{},"level":"debug","message":"Making GET request to /v1/scan-workflows/019c3242-7cb2-757d-9ac3-922164e2e749/status","timestamp":"2026-02-06T09:25:22.790Z"}
{"abortSignal":{},"level":"debug","message":"Making GET request to /v1/codebase/019c3242-3ad1-735a-9b4c-715950eb89ab/files?branchName=ft-5","timestamp":"2026-02-06T09:25:22.844Z"}
{"abortSignal":{},"level":"debug","message":"Making GET request to /v1/codebase/019c3242-3ad1-735a-9b4c-715950eb89ab/issues?branchName=ft-5","timestamp":"2026-02-06T09:25:22.845Z"}
{"abortSignal":{},"level":"debug","message":"Making GET request to /v1/scan-workflows/019c3242-7cb2-757d-9ac3-922164e2e749/status","timestamp":"2026-02-06T09:25:25.910Z"}
{"abortSignal":{},"level":"debug","message":"Making GET request to /v1/codebase/019c3242-3ad1-735a-9b4c-715950eb89ab/files?branchName=ft-5","timestamp":"2026-02-06T09:25:25.972Z"}
{"abortSignal":{},"level":"debug","message":"Making GET request to /v1/codebase/019c3242-3ad1-735a-9b4c-715950eb89ab/issues?branchName=ft-5","timestamp":"2026-02-06T09:25:25.972Z"}
{"abortSignal":{},"level":"debug","message":"Making GET request to /v1/scan-workflows/019c3242-7cb2-757d-9ac3-922164e2e749/status","timestamp":"2026-02-06T09:25:29.041Z"}
{"abortSignal":{},"level":"debug","message":"Making GET request to /v1/codebase/019c3242-3ad1-735a-9b4c-715950eb89ab/files?branchName=ft-5","timestamp":"2026-02-06T09:25:29.103Z"}
{"abortSignal":{},"level":"debug","message":"Making GET request to /v1/codebase/019c3242-3ad1-735a-9b4c-715950eb89ab/issues?branchName=ft-5","timestamp":"2026-02-06T09:25:29.103Z"}
{"abortSignal":{},"level":"debug","message":"Making GET request to /v1/scan-workflows/019c3242-7cb2-757d-9ac3-922164e2e749/status","timestamp":"2026-02-06T09:25:32.178Z"}
{"abortSignal":{},"level":"debug","message":"Making GET request to /v1/codebase/019c3242-3ad1-735a-9b4c-715950eb89ab/files?branchName=ft-5","timestamp":"2026-02-06T09:25:32.239Z"}
{"abortSignal":{},"level":"debug","message":"Making GET request to /v1/codebase/019c3242-3ad1-735a-9b4c-715950eb89ab/issues?branchName=ft-5","timestamp":"2026-02-06T09:25:32.239Z"}
{"abortSignal":{},"level":"debug","message":"Making GET request to /v1/scan-workflows/019c3242-7cb2-757d-9ac3-922164e2e749/status","timestamp":"2026-02-06T09:25:35.307Z"}
{"abortSignal":{},"level":"debug","message":"Making GET request to /v1/codebase/019c3242-3ad1-735a-9b4c-715950eb89ab/files?branchName=ft-5","timestamp":"2026-02-06T09:25:35.365Z"}
{"abortSignal":{},"level":"debug","message":"Making GET request to /v1/codebase/019c3242-3ad1-735a-9b4c-715950eb89ab/issues?branchName=ft-5","timestamp":"2026-02-06T09:25:35.365Z"}
{"abortSignal":{},"level":"debug","message":"Making GET request to /v1/scan-workflows/019c3242-7cb2-757d-9ac3-922164e2e749/status","timestamp":"2026-02-06T09:25:38.431Z"}
{"abortSignal":{},"level":"debug","message":"Making GET request to /v1/codebase/019c3242-3ad1-735a-9b4c-715950eb89ab/files?branchName=ft-5","timestamp":"2026-02-06T09:25:38.499Z"}
{"abortSignal":{},"level":"debug","message":"Making GET request to /v1/codebase/019c3242-3ad1-735a-9b4c-715950eb89ab/issues?branchName=ft-5","timestamp":"2026-02-06T09:25:38.501Z"}
{"abortSignal":{},"level":"debug","message":"Making GET request to /v1/scan-workflows/019c3242-7cb2-757d-9ac3-922164e2e749/status","timestamp":"2026-02-06T09:25:41.569Z"}
{"abortSignal":{},"level":"debug","message":"Making GET request to /v1/codebase/019c3242-3ad1-735a-9b4c-715950eb89ab/files?branchName=ft-5","timestamp":"2026-02-06T09:25:41.626Z"}
{"abortSignal":{},"level":"debug","message":"Making GET request to /v1/codebase/019c3242-3ad1-735a-9b4c-715950eb89ab/issues?branchName=ft-5","timestamp":"2026-02-06T09:25:41.627Z"}
{"level":"debug","message":"Making GET request to /v1/codebase/019c3242-3ad1-735a-9b4c-715950eb89ab/issues?branchName=ft-5","timestamp":"2026-02-06T09:25:41.692Z"}
